mode: set
event_explorer/controllers/api.go:17.63,21.2 3 0
event_explorer/controllers/api.go:23.40,27.32 3 0
event_explorer/controllers/api.go:27.32,32.3 2 0
event_explorer/controllers/api.go:34.2,36.16 2 0
event_explorer/controllers/api.go:36.16,41.3 2 0
event_explorer/controllers/api.go:43.2,45.42 2 0
event_explorer/controllers/api.go:45.42,48.22 2 0
event_explorer/controllers/api.go:48.22,49.12 1 0
event_explorer/controllers/api.go:52.3,55.5 1 0
event_explorer/controllers/api.go:58.2,60.4 1 0
event_explorer/controllers/api.go:63.36,67.34 3 0
event_explorer/controllers/api.go:67.34,72.3 2 0
event_explorer/controllers/api.go:74.2,76.16 2 0
event_explorer/controllers/api.go:76.16,81.3 2 0
event_explorer/controllers/api.go:83.2,85.53 2 0
event_explorer/controllers/api.go:85.53,86.51 1 0
event_explorer/controllers/api.go:86.51,88.4 1 0
event_explorer/controllers/api.go:90.3,90.50 1 0
event_explorer/controllers/api.go:90.50,92.4 1 0
event_explorer/controllers/api.go:95.2,95.55 1 0
event_explorer/controllers/api.go:95.55,100.3 2 0
event_explorer/controllers/api.go:102.2,102.36 1 0
event_explorer/controllers/api.go:105.43,110.55 4 0
event_explorer/controllers/api.go:110.55,115.3 2 0
event_explorer/controllers/api.go:117.2,123.4 3 0
event_explorer/controllers/api.go:126.46,132.2 2 0
event_explorer/controllers/event.go:23.34,27.37 3 0
event_explorer/controllers/event.go:27.37,31.3 3 0
event_explorer/controllers/event.go:33.2,38.27 5 0
event_explorer/controllers/event.go:41.37,44.19 2 0
event_explorer/controllers/event.go:44.19,48.3 3 0
event_explorer/controllers/event.go:50.2,52.21 2 0
event_explorer/controllers/event.go:52.21,54.3 1 0
event_explorer/controllers/event.go:56.2,58.16 2 0
event_explorer/controllers/event.go:58.16,62.3 3 0
event_explorer/controllers/event.go:64.2,65.27 2 0
event_explorer/controllers/event.go:68.45,70.16 2 1
event_explorer/controllers/event.go:70.16,72.3 1 1
event_explorer/controllers/event.go:74.2,74.51 1 1
event_explorer/controllers/event.go:74.51,76.3 1 1
event_explorer/controllers/event.go:78.2,78.70 1 1
event_explorer/controllers/event.go:78.70,80.3 1 1
event_explorer/controllers/event.go:82.2,82.12 1 1
event_explorer/controllers/event.go:85.38,88.19 2 0
event_explorer/controllers/event.go:88.19,92.3 3 0
event_explorer/controllers/event.go:94.2,96.21 2 0
event_explorer/controllers/event.go:96.21,98.3 1 0
event_explorer/controllers/event.go:100.2,102.16 2 0
event_explorer/controllers/event.go:102.16,106.3 3 0
event_explorer/controllers/event.go:108.2,108.27 1 0
event_explorer/controllers/event.go:108.27,112.3 3 0
event_explorer/controllers/event.go:114.2,114.59 1 0
event_explorer/controllers/event.go:114.59,118.3 3 0
event_explorer/controllers/event.go:120.2,121.52 2 0
event_explorer/controllers/home.go:11.32,13.2 1 0
event_explorer/services/container.go:12.52,22.2 3 0
event_explorer/services/event_cache.go:15.34,19.2 1 1
event_explorer/services/event_cache.go:21.61,27.8 4 1
event_explorer/services/event_cache.go:27.8,29.3 1 1
event_explorer/services/event_cache.go:29.8,31.3 1 1
event_explorer/services/event_cache.go:33.2,33.19 1 1
event_explorer/services/event_cache.go:36.61,41.2 3 1
event_explorer/services/event_cache.go:43.41,48.2 3 1
event_explorer/services/event_cache.go:50.30,55.2 3 1
event_explorer/services/event_service.go:27.17,32.2 1 1
event_explorer/services/event_service.go:37.24,42.38 3 1
event_explorer/services/event_service.go:42.38,45.41 2 1
event_explorer/services/event_service.go:45.41,50.12 2 1
event_explorer/services/event_service.go:53.3,53.33 1 1
event_explorer/services/event_service.go:53.33,60.18 2 1
event_explorer/services/event_service.go:60.18,62.5 1 1
event_explorer/services/event_service.go:64.4,68.5 1 1
event_explorer/services/event_service.go:72.2,74.39 2 1
event_explorer/services/event_service.go:74.39,82.24 3 1
event_explorer/services/event_service.go:82.24,84.4 1 1
event_explorer/services/event_service.go:86.3,86.43 1 1
event_explorer/services/event_service.go:89.2,89.17 1 1
event_explorer/services/google_places.go:18.65,25.2 1 0
event_explorer/services/google_places.go:55.34,64.16 3 1
event_explorer/services/google_places.go:64.16,66.3 1 0
event_explorer/services/google_places.go:68.2,73.16 2 1
event_explorer/services/google_places.go:73.16,75.3 1 0
event_explorer/services/google_places.go:77.2,81.16 4 1
event_explorer/services/google_places.go:81.16,83.3 1 0
event_explorer/services/google_places.go:84.2,86.38 2 1
event_explorer/services/google_places.go:86.38,88.3 1 1
event_explorer/services/google_places.go:90.2,92.67 2 1
event_explorer/services/google_places.go:92.67,94.3 1 1
event_explorer/services/google_places.go:96.2,96.21 1 1
event_explorer/services/google_places.go:102.34,112.16 3 1
event_explorer/services/google_places.go:112.16,114.3 1 0
event_explorer/services/google_places.go:116.2,120.16 4 1
event_explorer/services/google_places.go:120.16,122.3 1 0
event_explorer/services/google_places.go:123.2,125.38 2 1
event_explorer/services/google_places.go:125.38,127.3 1 1
event_explorer/services/google_places.go:129.2,131.67 2 1
event_explorer/services/google_places.go:131.67,133.3 1 1
event_explorer/services/google_places.go:135.2,135.21 1 1
event_explorer/services/ticketmaster.go:20.65,27.2 1 0
event_explorer/services/ticketmaster.go:82.64,97.26 2 1
event_explorer/services/ticketmaster.go:97.26,99.3 1 1
event_explorer/services/ticketmaster.go:101.2,101.54 1 1
event_explorer/services/ticketmaster.go:101.54,102.50 1 1
event_explorer/services/ticketmaster.go:102.50,104.4 1 1
event_explorer/services/ticketmaster.go:105.3,105.29 1 1
event_explorer/services/ticketmaster.go:105.29,106.9 1 1
event_explorer/services/ticketmaster.go:110.2,110.35 1 1
event_explorer/services/ticketmaster.go:110.35,116.3 5 1
event_explorer/services/ticketmaster.go:118.2,118.14 1 1
event_explorer/services/ticketmaster.go:125.27,137.16 9 1
event_explorer/services/ticketmaster.go:137.16,139.3 1 0
event_explorer/services/ticketmaster.go:140.2,142.38 2 1
event_explorer/services/ticketmaster.go:142.38,147.3 1 1
event_explorer/services/ticketmaster.go:149.2,151.67 2 1
event_explorer/services/ticketmaster.go:151.67,153.3 1 0
event_explorer/services/ticketmaster.go:155.2,157.46 2 1
event_explorer/services/ticketmaster.go:157.46,159.3 1 1
event_explorer/services/ticketmaster.go:161.2,161.20 1 1
event_explorer/services/ticketmaster.go:166.26,175.16 5 1
event_explorer/services/ticketmaster.go:175.16,177.3 1 0
event_explorer/services/ticketmaster.go:178.2,180.38 2 1
event_explorer/services/ticketmaster.go:180.38,185.3 1 1
event_explorer/services/ticketmaster.go:187.2,189.65 2 1
event_explorer/services/ticketmaster.go:189.65,191.3 1 0
event_explorer/services/ticketmaster.go:193.2,194.20 2 1
event_explorer/utils/config.go:10.26,15.2 1 0
event_explorer/main.go:15.13,16.40 1 0
event_explorer/main.go:16.40,18.3 1 0
event_explorer/main.go:20.2,27.13 3 0
event_explorer/routers/router.go:8.13,17.2 8 0
